// Jest Snapshot v1, https://goo.gl/fbAQLP

exports[`App Rail should render 1`] = `
<feather-navigation-rail-stub
  labels="[object Object]"
  modelvalue="false"
/>
`;
